// Jest Snapshot v1, https://goo.gl/fbAQLP

exports[`Server isReady returns true 1`] = `
Object {
  "data": Object {
    "isReady": true,
  },
  "loading": false,
  "networkStatus": 7,
  "stale": false,
}
`;
